[VMEM] WARNING: physical memory size is smaller than virtual memory size.

*** ChampSim Multicore Out-of-Order Simulator ***
Warmup Instructions: 1000
Simulation Instructions: 5000
Number of CPUs: 1
Page size: 4096
Core 0: traces/GAP/bc-0.trace.gz
Off-chip DRAM Size: 64 GiB Channels: 1 Width: 64-bit Data Rate: 4807 MT/s
Warmup finished CPU 0 instructions: 1000 cycles: 3411 cumulative IPC: 0.2932 (Simulation time: 00 hr 00 min 02 sec)
Warmup complete CPU 0 instructions: 1000 cycles: 3411 cumulative IPC: 0.2932 (Simulation time: 00 hr 00 min 02 sec)
Simulation finished CPU 0 instructions: 5000 cycles: 22458 cumulative IPC: 0.2226 (Simulation time: 00 hr 00 min 02 sec)
Simulation complete CPU 0 instructions: 5000 cycles: 22458 cumulative IPC: 0.2226 (Simulation time: 00 hr 00 min 02 sec)

ChampSim completed all CPUs

=== Simulation ===
CPU 0 runs traces/GAP/bc-0.trace.gz

Region of Interest Statistics

CPU 0 cumulative IPC: 0.2226 instructions: 5000 cycles: 22458
CPU 0 Branch Prediction Accuracy: 89.46% MPKI: 15.6 Average ROB Occupancy at Mispredict: 4.359
Branch type MPKI
BRANCH_DIRECT_JUMP: 2.2
BRANCH_INDIRECT: 0
BRANCH_CONDITIONAL: 10.8
BRANCH_DIRECT_CALL: 1.4
BRANCH_INDIRECT_CALL: 0
BRANCH_RETURN: 1.2

cpu0->cpu0_STLB TOTAL        ACCESS:         17 HIT:          0 MISS:         17 MSHR_MERGE:          0
cpu0->cpu0_STLB LOAD         ACCESS:         17 HIT:          0 MISS:         17 MSHR_MERGE:          0
cpu0->cpu0_STLB RFO          ACCESS:          0 HIT:          0 MISS:          0 MSHR_MERGE:          0
cpu0->cpu0_STLB PREFETCH     ACCESS:          0 HIT:          0 MISS:          0 MSHR_MERGE:          0
cpu0->cpu0_STLB WRITE        ACCESS:          0 HIT:          0 MISS:          0 MSHR_MERGE:          0
cpu0->cpu0_STLB TRANSLATION  ACCESS:          0 HIT:          0 MISS:          0 MSHR_MERGE:          0
cpu0->cpu0_STLB PREFETCH REQUESTED:          0 ISSUED:          0 USEFUL:          0 USELESS:          0
cpu0->cpu0_STLB AVERAGE MISS LATENCY: 372.8 cycles
cpu0->cpu0_L2C TOTAL        ACCESS:        619 HIT:          3 MISS:        616 MSHR_MERGE:          0
cpu0->cpu0_L2C LOAD         ACCESS:         60 HIT:          0 MISS:         60 MSHR_MERGE:          0
cpu0->cpu0_L2C RFO          ACCESS:        546 HIT:          0 MISS:        546 MSHR_MERGE:          0
cpu0->cpu0_L2C PREFETCH     ACCESS:          0 HIT:          0 MISS:          0 MSHR_MERGE:          0
cpu0->cpu0_L2C WRITE        ACCESS:          3 HIT:          3 MISS:          0 MSHR_MERGE:          0
cpu0->cpu0_L2C TRANSLATION  ACCESS:         10 HIT:          0 MISS:         10 MSHR_MERGE:          0
cpu0->cpu0_L2C PREFETCH REQUESTED:          0 ISSUED:          0 USEFUL:          0 USELESS:          0
cpu0->cpu0_L2C AVERAGE MISS LATENCY: 208.9 cycles
cpu0->cpu0_L1I TOTAL        ACCESS:       1578 HIT:       1533 MISS:         45 MSHR_MERGE:          3
cpu0->cpu0_L1I LOAD         ACCESS:       1578 HIT:       1533 MISS:         45 MSHR_MERGE:          3
cpu0->cpu0_L1I RFO          ACCESS:          0 HIT:          0 MISS:          0 MSHR_MERGE:          0
cpu0->cpu0_L1I PREFETCH     ACCESS:          0 HIT:          0 MISS:          0 MSHR_MERGE:          0
cpu0->cpu0_L1I WRITE        ACCESS:          0 HIT:          0 MISS:          0 MSHR_MERGE:          0
cpu0->cpu0_L1I TRANSLATION  ACCESS:          0 HIT:          0 MISS:          0 MSHR_MERGE:          0
cpu0->cpu0_L1I PREFETCH REQUESTED:          0 ISSUED:          0 USEFUL:          0 USELESS:          0
cpu0->cpu0_L1I AVERAGE MISS LATENCY: 198.4 cycles
cpu0->cpu0_L1D TOTAL        ACCESS:       2501 HIT:        289 MISS:       2212 MSHR_MERGE:       1639
cpu0->cpu0_L1D LOAD         ACCESS:        147 HIT:        127 MISS:         20 MSHR_MERGE:          4
cpu0->cpu0_L1D RFO          ACCESS:          0 HIT:          0 MISS:          0 MSHR_MERGE:          0
cpu0->cpu0_L1D PREFETCH     ACCESS:          0 HIT:          0 MISS:          0 MSHR_MERGE:          0
cpu0->cpu0_L1D WRITE        ACCESS:       2313 HIT:        132 MISS:       2181 MSHR_MERGE:       1634
cpu0->cpu0_L1D TRANSLATION  ACCESS:         41 HIT:         30 MISS:         11 MSHR_MERGE:          1
cpu0->cpu0_L1D PREFETCH REQUESTED:          0 ISSUED:          0 USEFUL:          0 USELESS:          0
cpu0->cpu0_L1D AVERAGE MISS LATENCY: 219.3 cycles
cpu0->cpu0_ITLB TOTAL        ACCESS:       1568 HIT:       1562 MISS:          6 MSHR_MERGE:          2
cpu0->cpu0_ITLB LOAD         ACCESS:       1568 HIT:       1562 MISS:          6 MSHR_MERGE:          2
cpu0->cpu0_ITLB RFO          ACCESS:          0 HIT:          0 MISS:          0 MSHR_MERGE:          0
cpu0->cpu0_ITLB PREFETCH     ACCESS:          0 HIT:          0 MISS:          0 MSHR_MERGE:          0
cpu0->cpu0_ITLB WRITE        ACCESS:          0 HIT:          0 MISS:          0 MSHR_MERGE:          0
cpu0->cpu0_ITLB TRANSLATION  ACCESS:          0 HIT:          0 MISS:          0 MSHR_MERGE:          0
cpu0->cpu0_ITLB PREFETCH REQUESTED:          0 ISSUED:          0 USEFUL:          0 USELESS:          0
cpu0->cpu0_ITLB AVERAGE MISS LATENCY: 416.6 cycles
cpu0->cpu0_DTLB TOTAL        ACCESS:       2450 HIT:       2297 MISS:        153 MSHR_MERGE:        140
cpu0->cpu0_DTLB LOAD         ACCESS:       2450 HIT:       2297 MISS:        153 MSHR_MERGE:        140
cpu0->cpu0_DTLB RFO          ACCESS:          0 HIT:          0 MISS:          0 MSHR_MERGE:          0
cpu0->cpu0_DTLB PREFETCH     ACCESS:          0 HIT:          0 MISS:          0 MSHR_MERGE:          0
cpu0->cpu0_DTLB WRITE        ACCESS:          0 HIT:          0 MISS:          0 MSHR_MERGE:          0
cpu0->cpu0_DTLB TRANSLATION  ACCESS:          0 HIT:          0 MISS:          0 MSHR_MERGE:          0
cpu0->cpu0_DTLB PREFETCH REQUESTED:          0 ISSUED:          0 USEFUL:          0 USELESS:          0
cpu0->cpu0_DTLB AVERAGE MISS LATENCY: 357.5 cycles
cpu0->LLC TOTAL        ACCESS:        613 HIT:          0 MISS:        613 MSHR_MERGE:          0
cpu0->LLC LOAD         ACCESS:         60 HIT:          0 MISS:         60 MSHR_MERGE:          0
cpu0->LLC RFO          ACCESS:        543 HIT:          0 MISS:        543 MSHR_MERGE:          0
cpu0->LLC PREFETCH     ACCESS:          0 HIT:          0 MISS:          0 MSHR_MERGE:          0
cpu0->LLC WRITE        ACCESS:          0 HIT:          0 MISS:          0 MSHR_MERGE:          0
cpu0->LLC TRANSLATION  ACCESS:         10 HIT:          0 MISS:         10 MSHR_MERGE:          0
cpu0->LLC PREFETCH REQUESTED:          0 ISSUED:          0 USEFUL:          0 USELESS:          0
cpu0->LLC AVERAGE MISS LATENCY: 186.2 cycles

DRAM Statistics

Channel 0 RQ ROW_BUFFER_HIT:        228
  ROW_BUFFER_MISS:        378
  AVG DBUS CONGESTED CYCLE: 3.946
Channel 0 WQ ROW_BUFFER_HIT:          0
  ROW_BUFFER_MISS:          0
  FULL:          0
Channel 0 REFRESHES ISSUED:          2
